\BOOKMARK [0][-]{chapter.1}{\376\377\0001\000\040\000M\000o\000d\000e\000l\000o\000s\000\040\000M\000a\000r\000k\000o\000v\000i\000a\000n\000o\000s\000\040\000e\000n\000\040\000T\000i\000e\000m\000p\000o\000\040\000D\000i\000s\000c\000r\000e\000t\000o}{}% 1
\BOOKMARK [1][-]{section.1.1}{\376\377\0001\000.\0001\000\040\000D\000e\000f\000i\000n\000i\000c\000i\000\363\000n\000\040\000d\000e\000\040\000P\000r\000o\000c\000e\000s\000o\000\040\000E\000s\000t\000o\000c\000\341\000s\000t\000i\000c\000o}{chapter.1}% 2
\BOOKMARK [1][-]{section.1.2}{\376\377\0001\000.\0002\000\040\000E\000s\000p\000a\000c\000i\000o\000\040\000d\000e\000\040\000E\000s\000t\000a\000d\000o\000s}{chapter.1}% 3
\BOOKMARK [1][-]{section.1.3}{\376\377\0001\000.\0003\000\040\000C\000a\000m\000i\000n\000a\000t\000a\000\040\000A\000l\000e\000a\000t\000o\000r\000i\000a}{chapter.1}% 4
\BOOKMARK [1][-]{section.1.4}{\376\377\0001\000.\0004\000\040\000D\000i\000s\000t\000r\000i\000b\000u\000c\000i\000\363\000n\000\040\000I\000n\000i\000c\000i\000a\000l\000\040\000y\000\040\000M\000a\000t\000r\000i\000z\000\040\000d\000e\000\040\000T\000r\000a\000n\000s\000i\000c\000i\000\363\000n}{chapter.1}% 5
\BOOKMARK [1][-]{section.1.5}{\376\377\0001\000.\0005\000\040\000C\000a\000d\000e\000n\000a\000s\000\040\000d\000e\000\040\000M\000a\000r\000k\000o\000v}{chapter.1}% 6
\BOOKMARK [1][-]{section.1.6}{\376\377\0001\000.\0006\000\040\000P\000r\000o\000b\000a\000b\000i\000l\000i\000d\000a\000d\000e\000s\000\040\000d\000e\000\040\000T\000r\000a\000n\000s\000i\000c\000i\000\363\000n\000\040\000e\000n\000\040\000n\000\040\000P\000a\000s\000o\000s}{chapter.1}% 7
\BOOKMARK [1][-]{section.1.7}{\376\377\0001\000.\0007\000\040\000C\000o\000m\000u\000n\000i\000c\000a\000c\000i\000\363\000n\000\040\000e\000n\000t\000r\000e\000\040\000E\000s\000t\000a\000d\000o\000s}{chapter.1}% 8
\BOOKMARK [1][-]{section.1.8}{\376\377\0001\000.\0008\000\040\000D\000i\000s\000t\000r\000i\000b\000u\000c\000i\000o\000n\000e\000s\000\040\000P\000e\000r\000i\000\363\000d\000i\000c\000a\000s\000:\000\040\000P\000e\000r\000\355\000o\000d\000o\000\040\000d\000e\000\040\000u\000n\000\040\000E\000s\000t\000a\000d\000o}{chapter.1}% 9
\BOOKMARK [1][-]{section.1.9}{\376\377\0001\000.\0009\000\040\000P\000r\000i\000m\000e\000r\000a\000s\000\040\000V\000i\000s\000i\000t\000a\000s}{chapter.1}% 10
\BOOKMARK [1][-]{section.1.10}{\376\377\0001\000.\0001\0000\000\040\000E\000s\000t\000a\000d\000o\000s\000\040\000R\000e\000c\000u\000r\000r\000e\000n\000t\000e\000s\000\040\000y\000\040\000T\000r\000a\000n\000s\000i\000t\000o\000r\000i\000o\000s}{chapter.1}% 11
\BOOKMARK [2][-]{subsection.1.10.1}{\376\377\0001\000.\0001\0000\000.\0001\000\040\000V\000i\000s\000i\000t\000a\000s\000\040\000a\000\040\000u\000n\000\040\000e\000s\000t\000a\000d\000o\000:\000\040\000e\000l\000\040\000c\000a\000s\000o\000\040\000g\000e\000n\000e\000r\000a\000l\000\040\000N\000i\000j}{section.1.10}% 12
\BOOKMARK [1][-]{section.1.11}{\376\377\0001\000.\0001\0001\000\040\000T\000i\000e\000m\000p\000o\000\040\000m\000e\000d\000i\000o\000\040\000d\000e\000\040\000r\000e\000t\000o\000r\000n\000o}{chapter.1}% 13
\BOOKMARK [2][-]{subsection.1.11.1}{\376\377\0001\000.\0001\0001\000.\0001\000\040\000A\000n\000\341\000l\000i\000s\000i\000s\000\040\000d\000e\000l\000\040\000p\000r\000i\000m\000e\000r\000\040\000p\000a\000s\000o}{section.1.11}% 14
\BOOKMARK [1][-]{section.1.12}{\376\377\0001\000.\0001\0002\000\040\000T\000e\000o\000r\000e\000m\000a\000\040\000e\000r\000g\000\363\000d\000i\000c\000o}{chapter.1}% 15
\BOOKMARK [1][-]{section.1.13}{\376\377\0001\000.\0001\0003\000\040\000R\000e\000c\000u\000r\000r\000e\000n\000c\000i\000a\000\040\000p\000o\000s\000i\000t\000i\000v\000a\000\040\000y\000\040\000n\000u\000l\000a}{chapter.1}% 16
\BOOKMARK [1][-]{section.1.14}{\376\377\0001\000.\0001\0004\000\040\000E\000v\000o\000l\000u\000c\000i\000\363\000n\000\040\000d\000e\000\040\000l\000a\000\040\000d\000i\000s\000t\000r\000i\000b\000u\000c\000i\000\363\000n\000\040\000d\000e\000\040\000X\000n}{chapter.1}% 17
\BOOKMARK [2][-]{subsection.1.14.1}{\376\377\0001\000.\0001\0004\000.\0001\000\040\000S\000o\000p\000o\000r\000t\000e\000\040\000d\000e\000\040\000l\000a\000\040\000d\000i\000s\000t\000r\000i\000b\000u\000c\000i\000\363\000n\000\040\000e\000s\000t\000a\000c\000i\000o\000n\000a\000r\000i\000a}{section.1.14}% 18
\BOOKMARK [1][-]{section.1.15}{\376\377\0001\000.\0001\0005\000\040\000D\000i\000s\000t\000r\000i\000b\000u\000c\000i\000o\000n\000e\000s\000\040\000l\000\355\000m\000i\000t\000e}{chapter.1}% 19
\BOOKMARK [1][-]{section.1.16}{\376\377\0001\000.\0001\0006\000\040\000C\000a\000d\000e\000n\000a\000s\000\040\000d\000e\000\040\000M\000a\000r\000k\000o\000v\000\040\000n\000o\000\040\000i\000r\000r\000e\000d\000u\000c\000i\000b\000l\000e\000s}{chapter.1}% 20
\BOOKMARK [2][-]{subsection.1.16.1}{\376\377\0001\000.\0001\0006\000.\0001\000\040\000D\000e\000s\000c\000o\000m\000p\000o\000s\000i\000c\000i\000\363\000n\000\040\000d\000e\000l\000\040\000e\000s\000p\000a\000c\000i\000o\000\040\000d\000e\000\040\000e\000s\000t\000a\000d\000o\000s}{section.1.16}% 21
\BOOKMARK [2][-]{subsection.1.16.2}{\376\377\0001\000.\0001\0006\000.\0002\000\040\000F\000o\000r\000m\000a\000\040\000c\000a\000n\000\363\000n\000i\000c\000a\000\040\000d\000e\000\040\000l\000a\000\040\000m\000a\000t\000r\000i\000z\000\040\000d\000e\000\040\000t\000r\000a\000n\000s\000i\000c\000i\000\363\000n}{section.1.16}% 22
\BOOKMARK [2][-]{subsection.1.16.3}{\376\377\0001\000.\0001\0006\000.\0003\000\040\000D\000i\000s\000t\000r\000i\000b\000u\000c\000i\000o\000n\000e\000s\000\040\000e\000s\000t\000a\000c\000i\000o\000n\000a\000r\000i\000a\000s}{section.1.16}% 23
\BOOKMARK [2][-]{subsection.1.16.4}{\376\377\0001\000.\0001\0006\000.\0004\000\040\000C\000o\000m\000p\000o\000r\000t\000a\000m\000i\000e\000n\000t\000o\000\040\000l\000\355\000m\000i\000t\000e}{section.1.16}% 24
\BOOKMARK [0][-]{chapter.2}{\376\377\0002\000\040\000M\000a\000r\000t\000i\000n\000g\000a\000l\000a\000s\000\040\000e\000n\000\040\000t\000i\000e\000m\000p\000o\000\040\000d\000i\000s\000c\000r\000e\000t\000o}{}% 25
\BOOKMARK [1][-]{section.2.1}{\376\377\0002\000.\0001\000\040\000F\000i\000l\000t\000r\000a\000c\000i\000o\000n\000e\000s\000\040\000y\000\040\000p\000r\000o\000c\000e\000s\000o\000s\000\040\000a\000d\000a\000p\000t\000a\000d\000o\000s}{chapter.2}% 26
\BOOKMARK [1][-]{section.2.2}{\376\377\0002\000.\0002\000\040\000M\000a\000r\000t\000i\000n\000g\000a\000l\000a\000s\000,\000\040\000s\000u\000b\000m\000a\000r\000t\000i\000n\000g\000a\000l\000a\000s\000\040\000y\000\040\000s\000u\000p\000e\000r\000m\000a\000r\000t\000i\000n\000g\000a\000l\000a\000s}{chapter.2}% 27
\BOOKMARK [1][-]{section.2.3}{\376\377\0002\000.\0003\000\040\000E\000j\000e\000m\000p\000l\000o\000s\000\040\000f\000u\000n\000d\000a\000m\000e\000n\000t\000a\000l\000e\000s}{chapter.2}% 28
\BOOKMARK [1][-]{section.2.4}{\376\377\0002\000.\0004\000\040\000A\000p\000l\000i\000c\000a\000c\000i\000o\000n\000e\000s\000\040\000d\000e\000\040\000l\000a\000s\000\040\000m\000a\000r\000t\000i\000n\000g\000a\000l\000a\000s}{chapter.2}% 29
\BOOKMARK [1][-]{section.2.5}{\376\377\0002\000.\0005\000\040\000C\000o\000n\000v\000e\000r\000g\000e\000n\000c\000i\000a\000\040\000d\000e\000\040\000m\000a\000r\000t\000i\000n\000g\000a\000l\000a\000s}{chapter.2}% 30
\BOOKMARK [2][-]{subsection.2.5.1}{\376\377\0002\000.\0005\000.\0001\000\040\000\277\000P\000o\000r\000\040\000q\000u\000\351\000\040\000n\000o\000\040\000t\000o\000d\000a\000\040\000m\000a\000r\000t\000i\000n\000g\000a\000l\000a\000\040\000c\000o\000n\000v\000e\000r\000g\000e\000?}{section.2.5}% 31
\BOOKMARK [2][-]{subsection.2.5.2}{\376\377\0002\000.\0005\000.\0002\000\040\000D\000e\000s\000i\000g\000u\000a\000l\000d\000a\000d\000\040\000m\000a\000x\000i\000m\000a\000l\000\040\000d\000e\000\040\000D\000o\000o\000b}{section.2.5}% 32
\BOOKMARK [2][-]{subsection.2.5.3}{\376\377\0002\000.\0005\000.\0003\000\040\000T\000e\000o\000r\000e\000m\000a\000\040\000d\000e\000\040\000c\000o\000n\000v\000e\000r\000g\000e\000n\000c\000i\000a\000\040\000d\000e\000\040\000D\000o\000o\000b}{section.2.5}% 33
\BOOKMARK [2][-]{subsection.2.5.4}{\376\377\0002\000.\0005\000.\0004\000\040\000E\000j\000e\000m\000p\000l\000o\000s\000\040\000d\000e\000\040\000c\000o\000n\000v\000e\000r\000g\000e\000n\000c\000i\000a\000\040\000y\000\040\000d\000i\000v\000e\000r\000g\000e\000n\000c\000i\000a}{section.2.5}% 34
\BOOKMARK [2][-]{subsection.2.5.5}{\376\377\0002\000.\0005\000.\0005\000\040\000T\000e\000o\000r\000e\000m\000a\000\040\000d\000e\000\040\000p\000a\000r\000o\000\040\000o\000p\000c\000i\000o\000n\000a\000l}{section.2.5}% 35
\BOOKMARK [0][-]{chapter.3}{\376\377\0003\000\040\000P\000r\000o\000c\000e\000s\000o\000\040\000d\000e\000\040\000P\000o\000i\000s\000s\000o\000n}{}% 36
\BOOKMARK [1][-]{section.3.1}{\376\377\0003\000.\0001\000\040\000E\000l\000\040\000p\000r\000o\000c\000e\000s\000o\000\040\000d\000e\000\040\000P\000o\000i\000s\000s\000o\000n\000\040\000n\000o\000\040\000h\000o\000m\000o\000g\000\351\000n\000e\000o}{chapter.3}% 37
